// Jest Snapshot v1, https://goo.gl/fbAQLP

exports[`getData should return an array of strings 1`] = `
[
  "1",
  "2",
  "3",
]
`;
