// Jest Snapshot v1, https://goo.gl/fbAQLP

exports[`TEST APP RTL renders learn react link 1`] = `
<input
  placeholder="input value...."
  type="text"
/>
`;
